// Jest Snapshot v1, https://goo.gl/fbAQLP

exports[`SignUp should render the SignUp Component correctly 1`] = `
<form
  autoComplete="off"
  className="form-check"
>
  <label
    className="form-check-label"
  >
    Email
  </label>
  <input
    className="form-control w-50"
    name="email"
    onChange={[Function]}
    type="text"
    value=""
  />
  <label
    className="form-check-label"
  >
    First Name
  </label>
  <input
    className="form-control w-50"
    name="firstName"
    onChange={[Function]}
    type="text"
  />
  <label
    className="form-check-label"
  >
    Last Name
  </label>
  <input
    className="form-control w-50"
    name="lastName"
    onChange={[Function]}
    type="text"
  />
  <label
    className="form-check-label"
  >
    Password
  </label>
  <input
    className="form-control w-50"
    name="password"
    onChange={[Function]}
    type="password"
    value=""
  />
  <label
    className="form-check-label"
  >
    Password confirmation
  </label>
  <input
    className="form-control w-50"
    name="passwordConfirmation"
    onChange={[Function]}
    type="password"
  />
  <Link
    to="/login"
  >
     
    <button
      className="btn btn-success mt-2 mr-2 w-25"
      onClick={[Function]}
    >
      Sign Up
    </button>
  </Link>
  <Link
    to="/"
  >
    <button
      className="btn btn-danger mt-2 ml-auto w-25"
    >
      Cancel
    </button>
  </Link>
</form>
`;
